// Jest Snapshot v1, https://goo.gl/fbAQLP

exports[`app rendering renders without crashing 1`] = `
<app__Review_background>
  <div
    style={
      Object {
        "borderBottom": "1px ridge lightgrey",
      }
    }
  >
    <div
      style={
        Object {
          "display": "inline-flex",
        }
      }
    >
      <h2>
         Reviews
      </h2>
      <h2
        style={
          Object {
            "marginLeft": "18px",
          }
        }
      >
        <NewRating />
      </h2>
      <h2
        style={
          Object {
            "marginLeft": "220px",
          }
        }
      >
        <Search
          changeSearchValue={[Function]}
          clearSearchValue={[Function]}
          searchValue=""
          submitSearchValue={[Function]}
        />
      </h2>
    </div>
  </div>
  <RatingComp
    rating={Object {}}
  />
  <ReviewList
    changeCurrentPage={[Function]}
    count={0}
    currentPage={1}
    lastPage={0}
    renderCurrentPage={[Function]}
    reviewList={Array []}
    searchStatus={false}
  />
</app__Review_background>
`;
