// Jest Snapshot v1, https://goo.gl/fbAQLP

exports[`app rendering renders without crashing 1`] = `
<div>
  <div>
     Reviews 
    <Search
      changeSearchValue={[Function]}
      clearSearchValue={[Function]}
      searchValue=""
      submitSearchValue={[Function]}
    />
  </div>
  <Rating
    rating={Object {}}
  />
  <ReviewList
    changeCurrentPage={[Function]}
    count={0}
    currentPage={1}
    lastPage={0}
    renderCurrentPage={[Function]}
    reviewList={Array []}
    searchStatus={false}
  />
</div>
`;

exports[`app renders without crashing 1`] = `
<div>
  <div>
     Reviews 
    <Search
      changeSearchValue={[Function]}
      clearSearchValue={[Function]}
      searchValue=""
      submitSearchValue={[Function]}
    />
  </div>
  <Rating
    rating={Object {}}
  />
  <ReviewList
    changeCurrentPage={[Function]}
    count={0}
    currentPage={1}
    lastPage={0}
    renderCurrentPage={[Function]}
    reviewList={Array []}
    searchStatus={false}
  />
</div>
`;
